// Jest Snapshot v1, https://goo.gl/fbAQLP

exports[`renders correctly 1`] = `
<View
  accessible={true}
  collapsable={false}
  focusable={false}
  nativeID="animatedComponent"
  onClick={[Function]}
  onResponderGrant={[Function]}
  onResponderMove={[Function]}
  onResponderRelease={[Function]}
  onResponderTerminate={[Function]}
  onResponderTerminationRequest={[Function]}
  onStartShouldSetResponder={[Function]}
  style={
    Object {
      "alignSelf": "center",
      "backgroundColor": "#6EB1F7",
      "borderRadius": 10,
      "height": 50,
      "justifyContent": "center",
      "marginTop": 20,
      "opacity": 1,
      "width": "80%",
    }
  }
>
  <Text
    style={
      Object {
        "color": "#ffffff",
        "fontWeight": "500",
        "textAlign": "center",
      }
    }
  />
</View>
`;
